{
    "data": {
        "company": {
            "id": "1",
            "name": "A JMV 1",
            "searchCategories": []
        }
    }
}
