{
    "data": {
        "createUser": {
            "id": "1",
            "lastname": "Maarek",
            "firstname": "Joseph",
            "email": "josephmaarek@gmail . com"
        }
    }
}
