{
    "data": {
        "createUser": {
            "id": "2",
            "lastname": "Maarek",
            "firstname": "Vanessa",
            "email": "vanessamaarek@gmail . com"
        }
    }
}
