{
    "data": {
        "searchCompanies": [
            {
                "id": "1",
                "name": "A JMV 1"
            }
        ]
    }
}
