{
    "data": {
        "editUser": {
            "id": "2",
            "lastname": "Doe",
            "firstname": "Jane",
            "email": "vanessamaarek@gmail . com"
        }
    }
}
